INFO: PyNifly 28.2.0 registered
Blender 4.5.13 LTS (hash daeeeca98fb0 built 2026-08-25 01:50:50)
Read blend: "C:\Users\linos\Desktop\github\skyrim\mods\arcane-arsenal\art\waraxe2red.blend"
Fra:1 Mem:12.92M (Peak 12.92M) | Time:00:00.00 | Mem:0.00M, Peak:0.00M | Scene, ViewLayer | Synchronizing object | AA_WaraxeBody
Fra:1 Mem:12.92M (Peak 12.92M) | Time:00:00.00 | Mem:0.00M, Peak:0.00M | Scene, ViewLayer | Synchronizing object | Studio backing
Fra:1 Mem:12.95M (Peak 12.95M) | Time:00:00.00 | Mem:0.00M, Peak:0.00M | Scene, ViewLayer | Synchronizing object | Top strip
Fra:1 Mem:12.99M (Peak 12.99M) | Time:00:00.00 | Mem:0.00M, Peak:0.00M | Scene, ViewLayer | Synchronizing object | Back rim
Fra:1 Mem:13.04M (Peak 13.04M) | Time:00:00.00 | Mem:0.00M, Peak:0.00M | Scene, ViewLayer | Initializing
Fra:1 Mem:12.64M (Peak 13.04M) | Time:00:00.00 | Mem:0.00M, Peak:0.00M | Scene, ViewLayer | Waiting for render to start
Fra:1 Mem:12.64M (Peak 13.04M) | Time:00:00.00 | Mem:0.00M, Peak:0.00M | Scene, ViewLayer | Updating Scene
Fra:1 Mem:12.64M (Peak 13.04M) | Time:00:00.00 | Mem:0.00M, Peak:0.00M | Scene, ViewLayer | Updating Shaders
Fra:1 Mem:12.64M (Peak 13.04M) | Time:00:00.00 | Mem:0.00M, Peak:0.00M | Scene, ViewLayer | Loading render kernels (may take a few minutes the first time)
Fra:1 Mem:12.73M (Peak 13.04M) | Time:00:00.00 | Mem:0.00M, Peak:0.00M | Scene, ViewLayer | Updating Procedurals
Fra:1 Mem:12.73M (Peak 13.04M) | Time:00:00.00 | Mem:0.00M, Peak:0.00M | Scene, ViewLayer | Updating Background
Fra:1 Mem:12.73M (Peak 13.04M) | Time:00:00.00 | Mem:0.00M, Peak:0.00M | Scene, ViewLayer | Updating Camera
Fra:1 Mem:12.73M (Peak 13.04M) | Time:00:00.00 | Mem:0.00M, Peak:0.00M | Scene, ViewLayer | Updating Meshes Flags
Fra:1 Mem:12.73M (Peak 13.04M) | Time:00:00.00 | Mem:0.00M, Peak:0.00M | Scene, ViewLayer | Updating Objects
Fra:1 Mem:12.73M (Peak 13.04M) | Time:00:00.00 | Mem:0.00M, Peak:0.00M | Scene, ViewLayer | Updating Objects | Copying Transformations to device
Fra:1 Mem:12.73M (Peak 13.04M) | Time:00:00.00 | Mem:0.00M, Peak:0.00M | Scene, ViewLayer | Updating Particle Systems
Fra:1 Mem:12.73M (Peak 13.04M) | Time:00:00.00 | Mem:0.00M, Peak:0.00M | Scene, ViewLayer | Updating Particle Systems | Copying Particles to device
Fra:1 Mem:12.73M (Peak 13.04M) | Time:00:00.00 | Mem:0.01M, Peak:0.01M | Scene, ViewLayer | Updating Meshes
Fra:1 Mem:12.73M (Peak 13.04M) | Time:00:00.00 | Mem:0.01M, Peak:0.01M | Scene, ViewLayer | Updating Objects | Applying Static Transformations
Fra:1 Mem:12.73M (Peak 13.04M) | Time:00:00.00 | Mem:0.01M, Peak:0.01M | Scene, ViewLayer | Updating Mesh | Computing attributes
Fra:1 Mem:12.74M (Peak 13.04M) | Time:00:00.00 | Mem:0.01M, Peak:0.01M | Scene, ViewLayer | Updating Mesh | Copying Attributes to device
Fra:1 Mem:12.74M (Peak 13.04M) | Time:00:00.00 | Mem:0.02M, Peak:0.02M | Scene, ViewLayer | Updating Scene BVH | Building
Fra:1 Mem:12.74M (Peak 13.04M) | Time:00:00.00 | Mem:0.02M, Peak:0.02M | Scene, ViewLayer | Updating Scene BVH | Building BVH
Fra:1 Mem:12.74M (Peak 13.04M) | Time:00:00.00 | Mem:0.05M, Peak:0.05M | Scene, ViewLayer | Updating Scene BVH | Building BVH 0%
Fra:1 Mem:12.74M (Peak 13.04M) | Time:00:00.00 | Mem:0.09M, Peak:0.12M | Scene, ViewLayer | Updating Scene BVH | Copying BVH to device
Fra:1 Mem:12.74M (Peak 13.04M) | Time:00:00.00 | Mem:0.09M, Peak:0.12M | Scene, ViewLayer | Updating Mesh | Computing normals
Fra:1 Mem:12.78M (Peak 13.04M) | Time:00:00.00 | Mem:0.09M, Peak:0.12M | Scene, ViewLayer | Updating Mesh | Copying Mesh to device
Fra:1 Mem:12.78M (Peak 13.04M) | Time:00:00.00 | Mem:0.13M, Peak:0.13M | Scene, ViewLayer | Updating Objects Flags
Fra:1 Mem:12.78M (Peak 13.04M) | Time:00:00.00 | Mem:0.13M, Peak:0.13M | Scene, ViewLayer | Updating Primitive Offsets
Fra:1 Mem:12.78M (Peak 13.04M) | Time:00:00.00 | Mem:0.13M, Peak:0.13M | Scene, ViewLayer | Updating Images
Fra:1 Mem:12.78M (Peak 13.04M) | Time:00:00.00 | Mem:0.13M, Peak:0.13M | Scene, ViewLayer | Updating Camera Volume
Fra:1 Mem:12.78M (Peak 13.04M) | Time:00:00.00 | Mem:0.13M, Peak:0.13M | Scene, ViewLayer | Updating Lookup Tables
Fra:1 Mem:12.78M (Peak 13.04M) | Time:00:00.00 | Mem:0.21M, Peak:0.21M | Scene, ViewLayer | Updating Lights
Fra:1 Mem:12.78M (Peak 13.04M) | Time:00:00.00 | Mem:0.21M, Peak:0.21M | Scene, ViewLayer | Updating Lights | Computing tree
Fra:1 Mem:12.91M (Peak 13.04M) | Time:00:00.00 | Mem:0.34M, Peak:0.34M | Scene, ViewLayer | Updating Integrator
Fra:1 Mem:12.91M (Peak 13.04M) | Time:00:00.00 | Mem:0.34M, Peak:0.34M | Scene, ViewLayer | Updating Film
Fra:1 Mem:12.92M (Peak 13.04M) | Time:00:00.00 | Mem:0.26M, Peak:0.34M | Scene, ViewLayer | Updating Lookup Tables
Fra:1 Mem:12.92M (Peak 13.04M) | Time:00:00.00 | Mem:0.35M, Peak:0.35M | Scene, ViewLayer | Updating Baking
Fra:1 Mem:12.92M (Peak 13.04M) | Time:00:00.00 | Mem:0.35M, Peak:0.35M | Scene, ViewLayer | Updating Device | Writing constant memory
Fra:1 Mem:12.92M (Peak 13.04M) | Time:00:00.00 | Mem:0.35M, Peak:0.35M | Scene, ViewLayer | Loading denoising kernels (may take a few minutes the first time)
Fra:1 Mem:12.92M (Peak 13.04M) | Time:00:00.00 | Mem:0.35M, Peak:0.35M | Scene, ViewLayer | Sample 0/64
Fra:1 Mem:85.09M (Peak 85.09M) | Time:00:00.09 | Remaining:00:05.67 | Mem:72.10M, Peak:72.10M | Scene, ViewLayer | Sample 1/64
Fra:1 Mem:115.31M (Peak 160.63M) | Time:00:06.35 | Mem:72.10M, Peak:72.10M | Scene, ViewLayer | Sample 64/64
Fra:1 Mem:115.31M (Peak 160.63M) | Time:00:06.35 | Mem:72.10M, Peak:72.10M | Scene, ViewLayer | Finished
Saved: 'C:\Users\linos\Desktop\github\skyrim\mods\arcane-arsenal\art\material-studies\embers-offset-fang-02\01-obsidian-full.png'
Time: 00:06.48 (Saving: 00:00.12)

Fra:1 Mem:12.97M (Peak 12.97M) | Time:00:00.00 | Mem:0.00M, Peak:0.00M | Scene, ViewLayer | Synchronizing object | AA_WaraxeBody
Fra:1 Mem:12.98M (Peak 12.98M) | Time:00:00.00 | Mem:0.00M, Peak:0.00M | Scene, ViewLayer | Synchronizing object | Cool vertical reflection
Fra:1 Mem:13.01M (Peak 13.01M) | Time:00:00.00 | Mem:0.00M, Peak:0.00M | Scene, ViewLayer | Synchronizing object | Back rim
Fra:1 Mem:13.04M (Peak 13.04M) | Time:00:00.00 | Mem:0.00M, Peak:0.00M | Scene, ViewLayer | Initializing
Fra:1 Mem:12.64M (Peak 13.04M) | Time:00:00.00 | Mem:0.00M, Peak:0.00M | Scene, ViewLayer | Waiting for render to start
Fra:1 Mem:12.64M (Peak 13.04M) | Time:00:00.00 | Mem:0.00M, Peak:0.00M | Scene, ViewLayer | Updating Scene
Fra:1 Mem:12.64M (Peak 13.04M) | Time:00:00.00 | Mem:0.00M, Peak:0.00M | Scene, ViewLayer | Updating Shaders
Fra:1 Mem:12.64M (Peak 13.04M) | Time:00:00.00 | Mem:0.00M, Peak:0.00M | Scene, ViewLayer | Loading render kernels (may take a few minutes the first time)
Fra:1 Mem:12.73M (Peak 13.04M) | Time:00:00.00 | Mem:0.00M, Peak:0.00M | Scene, ViewLayer | Updating Procedurals
Fra:1 Mem:12.73M (Peak 13.04M) | Time:00:00.00 | Mem:0.00M, Peak:0.00M | Scene, ViewLayer | Updating Background
Fra:1 Mem:12.73M (Peak 13.04M) | Time:00:00.00 | Mem:0.00M, Peak:0.00M | Scene, ViewLayer | Updating Camera
Fra:1 Mem:12.73M (Peak 13.04M) | Time:00:00.00 | Mem:0.00M, Peak:0.00M | Scene, ViewLayer | Updating Meshes Flags
Fra:1 Mem:12.73M (Peak 13.04M) | Time:00:00.00 | Mem:0.00M, Peak:0.00M | Scene, ViewLayer | Updating Objects
Fra:1 Mem:12.73M (Peak 13.04M) | Time:00:00.00 | Mem:0.00M, Peak:0.00M | Scene, ViewLayer | Updating Objects | Copying Transformations to device
Fra:1 Mem:12.73M (Peak 13.04M) | Time:00:00.00 | Mem:0.00M, Peak:0.00M | Scene, ViewLayer | Updating Particle Systems
Fra:1 Mem:12.73M (Peak 13.04M) | Time:00:00.00 | Mem:0.00M, Peak:0.00M | Scene, ViewLayer | Updating Particle Systems | Copying Particles to device
Fra:1 Mem:12.73M (Peak 13.04M) | Time:00:00.00 | Mem:0.01M, Peak:0.01M | Scene, ViewLayer | Updating Meshes
Fra:1 Mem:12.73M (Peak 13.04M) | Time:00:00.00 | Mem:0.01M, Peak:0.01M | Scene, ViewLayer | Updating Objects | Applying Static Transformations
Fra:1 Mem:12.73M (Peak 13.04M) | Time:00:00.00 | Mem:0.01M, Peak:0.01M | Scene, ViewLayer | Updating Mesh | Computing attributes
Fra:1 Mem:12.74M (Peak 13.04M) | Time:00:00.00 | Mem:0.01M, Peak:0.01M | Scene, ViewLayer | Updating Mesh | Copying Attributes to device
Fra:1 Mem:12.74M (Peak 13.04M) | Time:00:00.00 | Mem:0.02M, Peak:0.02M | Scene, ViewLayer | Updating Scene BVH | Building
Fra:1 Mem:12.74M (Peak 13.04M) | Time:00:00.00 | Mem:0.02M, Peak:0.02M | Scene, ViewLayer | Updating Scene BVH | Building BVH
Fra:1 Mem:12.74M (Peak 13.04M) | Time:00:00.00 | Mem:0.05M, Peak:0.05M | Scene, ViewLayer | Updating Scene BVH | Building BVH 0%
Fra:1 Mem:12.74M (Peak 13.04M) | Time:00:00.00 | Mem:0.09M, Peak:0.12M | Scene, ViewLayer | Updating Scene BVH | Copying BVH to device
Fra:1 Mem:12.74M (Peak 13.04M) | Time:00:00.00 | Mem:0.09M, Peak:0.12M | Scene, ViewLayer | Updating Mesh | Computing normals
Fra:1 Mem:12.78M (Peak 13.04M) | Time:00:00.00 | Mem:0.09M, Peak:0.12M | Scene, ViewLayer | Updating Mesh | Copying Mesh to device
Fra:1 Mem:12.78M (Peak 13.04M) | Time:00:00.00 | Mem:0.13M, Peak:0.13M | Scene, ViewLayer | Updating Objects Flags
Fra:1 Mem:12.78M (Peak 13.04M) | Time:00:00.00 | Mem:0.13M, Peak:0.13M | Scene, ViewLayer | Updating Primitive Offsets
Fra:1 Mem:12.78M (Peak 13.04M) | Time:00:00.00 | Mem:0.13M, Peak:0.13M | Scene, ViewLayer | Updating Images
Fra:1 Mem:12.78M (Peak 13.04M) | Time:00:00.00 | Mem:0.13M, Peak:0.13M | Scene, ViewLayer | Updating Camera Volume
Fra:1 Mem:12.78M (Peak 13.04M) | Time:00:00.00 | Mem:0.13M, Peak:0.13M | Scene, ViewLayer | Updating Lookup Tables
Fra:1 Mem:12.78M (Peak 13.04M) | Time:00:00.00 | Mem:0.21M, Peak:0.21M | Scene, ViewLayer | Updating Lights
Fra:1 Mem:12.78M (Peak 13.04M) | Time:00:00.00 | Mem:0.21M, Peak:0.21M | Scene, ViewLayer | Updating Lights | Computing tree
Fra:1 Mem:12.91M (Peak 13.04M) | Time:00:00.00 | Mem:0.34M, Peak:0.34M | Scene, ViewLayer | Updating Integrator
Fra:1 Mem:12.91M (Peak 13.04M) | Time:00:00.00 | Mem:0.34M, Peak:0.34M | Scene, ViewLayer | Updating Film
Fra:1 Mem:12.92M (Peak 13.04M) | Time:00:00.00 | Mem:0.26M, Peak:0.34M | Scene, ViewLayer | Updating Lookup Tables
Fra:1 Mem:12.92M (Peak 13.04M) | Time:00:00.00 | Mem:0.35M, Peak:0.35M | Scene, ViewLayer | Updating Baking
Fra:1 Mem:12.92M (Peak 13.04M) | Time:00:00.00 | Mem:0.35M, Peak:0.35M | Scene, ViewLayer | Updating Device | Writing constant memory
Fra:1 Mem:12.92M (Peak 13.04M) | Time:00:00.00 | Mem:0.35M, Peak:0.35M | Scene, ViewLayer | Loading denoising kernels (may take a few minutes the first time)
Fra:1 Mem:12.92M (Peak 13.04M) | Time:00:00.00 | Mem:0.35M, Peak:0.35M | Scene, ViewLayer | Sample 0/64
Fra:1 Mem:72.04M (Peak 72.04M) | Time:00:00.08 | Remaining:00:05.01 | Mem:59.06M, Peak:59.06M | Scene, ViewLayer | Sample 1/64
Fra:1 Mem:96.77M (Peak 133.85M) | Time:00:05.67 | Mem:59.06M, Peak:59.06M | Scene, ViewLayer | Sample 64/64
Fra:1 Mem:96.77M (Peak 133.85M) | Time:00:05.67 | Mem:59.06M, Peak:59.06M | Scene, ViewLayer | Finished
Saved: 'C:\Users\linos\Desktop\github\skyrim\mods\arcane-arsenal\art\material-studies\embers-offset-fang-02\01-obsidian-detail.png'
Time: 00:05.72 (Saving: 00:00.05)

MATERIAL_PREVIEW_DONE 01-obsidian
Fra:1 Mem:13.07M (Peak 13.07M) | Time:00:00.00 | Mem:0.00M, Peak:0.00M | Scene, ViewLayer | Synchronizing object | AA_WaraxeBody
Fra:1 Mem:13.07M (Peak 13.07M) | Time:00:00.00 | Mem:0.00M, Peak:0.00M | Scene, ViewLayer | Synchronizing object | Large soft key
Fra:1 Mem:13.10M (Peak 13.10M) | Time:00:00.00 | Mem:0.00M, Peak:0.00M | Scene, ViewLayer | Synchronizing object | Back rim
Fra:1 Mem:13.14M (Peak 13.14M) | Time:00:00.00 | Mem:0.00M, Peak:0.00M | Scene, ViewLayer | Initializing
Fra:1 Mem:12.69M (Peak 13.14M) | Time:00:00.00 | Mem:0.00M, Peak:0.00M | Scene, ViewLayer | Waiting for render to start
Fra:1 Mem:12.69M (Peak 13.14M) | Time:00:00.00 | Mem:0.00M, Peak:0.00M | Scene, ViewLayer | Updating Scene
Fra:1 Mem:12.69M (Peak 13.14M) | Time:00:00.00 | Mem:0.00M, Peak:0.00M | Scene, ViewLayer | Updating Shaders
Fra:1 Mem:12.69M (Peak 13.14M) | Time:00:00.00 | Mem:0.00M, Peak:0.00M | Scene, ViewLayer | Loading render kernels (may take a few minutes the first time)
Fra:1 Mem:12.78M (Peak 13.14M) | Time:00:00.00 | Mem:0.01M, Peak:0.01M | Scene, ViewLayer | Updating Procedurals
Fra:1 Mem:12.78M (Peak 13.14M) | Time:00:00.00 | Mem:0.01M, Peak:0.01M | Scene, ViewLayer | Updating Background
Fra:1 Mem:12.78M (Peak 13.14M) | Time:00:00.00 | Mem:0.01M, Peak:0.01M | Scene, ViewLayer | Updating Camera
Fra:1 Mem:12.78M (Peak 13.14M) | Time:00:00.00 | Mem:0.01M, Peak:0.01M | Scene, ViewLayer | Updating Meshes Flags
Fra:1 Mem:12.78M (Peak 13.14M) | Time:00:00.00 | Mem:0.01M, Peak:0.01M | Scene, ViewLayer | Updating Objects
Fra:1 Mem:12.78M (Peak 13.14M) | Time:00:00.00 | Mem:0.01M, Peak:0.01M | Scene, ViewLayer | Updating Objects | Copying Transformations to device
Fra:1 Mem:12.78M (Peak 13.14M) | Time:00:00.00 | Mem:0.01M, Peak:0.01M | Scene, ViewLayer | Updating Particle Systems
Fra:1 Mem:12.78M (Peak 13.14M) | Time:00:00.00 | Mem:0.01M, Peak:0.01M | Scene, ViewLayer | Updating Particle Systems | Copying Particles to device
Fra:1 Mem:12.78M (Peak 13.14M) | Time:00:00.00 | Mem:0.01M, Peak:0.01M | Scene, ViewLayer | Updating Meshes
Fra:1 Mem:12.78M (Peak 13.14M) | Time:00:00.00 | Mem:0.01M, Peak:0.01M | Scene, ViewLayer | Updating Objects | Applying Static Transformations
Fra:1 Mem:12.78M (Peak 13.14M) | Time:00:00.00 | Mem:0.01M, Peak:0.01M | Scene, ViewLayer | Updating Mesh | Computing attributes
Fra:1 Mem:12.79M (Peak 13.14M) | Time:00:00.00 | Mem:0.01M, Peak:0.01M | Scene, ViewLayer | Updating Mesh | Copying Attributes to device
Fra:1 Mem:12.79M (Peak 13.14M) | Time:00:00.00 | Mem:0.02M, Peak:0.02M | Scene, ViewLayer | Updating Scene BVH | Building
Fra:1 Mem:12.79M (Peak 13.14M) | Time:00:00.00 | Mem:0.02M, Peak:0.02M | Scene, ViewLayer | Updating Scene BVH | Building BVH
Fra:1 Mem:12.79M (Peak 13.14M) | Time:00:00.00 | Mem:0.05M, Peak:0.05M | Scene, ViewLayer | Updating Scene BVH | Building BVH 0%
Fra:1 Mem:12.79M (Peak 13.14M) | Time:00:00.00 | Mem:0.09M, Peak:0.12M | Scene, ViewLayer | Updating Scene BVH | Copying BVH to device
Fra:1 Mem:12.79M (Peak 13.14M) | Time:00:00.00 | Mem:0.09M, Peak:0.12M | Scene, ViewLayer | Updating Mesh | Computing normals
Fra:1 Mem:12.83M (Peak 13.14M) | Time:00:00.00 | Mem:0.09M, Peak:0.12M | Scene, ViewLayer | Updating Mesh | Copying Mesh to device
Fra:1 Mem:12.83M (Peak 13.14M) | Time:00:00.00 | Mem:0.13M, Peak:0.13M | Scene, ViewLayer | Updating Objects Flags
Fra:1 Mem:12.83M (Peak 13.14M) | Time:00:00.00 | Mem:0.13M, Peak:0.13M | Scene, ViewLayer | Updating Primitive Offsets
Fra:1 Mem:12.83M (Peak 13.14M) | Time:00:00.00 | Mem:0.13M, Peak:0.13M | Scene, ViewLayer | Updating Images
Fra:1 Mem:12.83M (Peak 13.14M) | Time:00:00.00 | Mem:0.13M, Peak:0.13M | Scene, ViewLayer | Updating Camera Volume
Fra:1 Mem:12.83M (Peak 13.14M) | Time:00:00.00 | Mem:0.13M, Peak:0.13M | Scene, ViewLayer | Updating Lookup Tables
Fra:1 Mem:12.83M (Peak 13.14M) | Time:00:00.00 | Mem:0.21M, Peak:0.21M | Scene, ViewLayer | Updating Lights
Fra:1 Mem:12.83M (Peak 13.14M) | Time:00:00.00 | Mem:0.21M, Peak:0.21M | Scene, ViewLayer | Updating Lights | Computing tree
Fra:1 Mem:13.03M (Peak 13.14M) | Time:00:00.00 | Mem:0.41M, Peak:0.41M | Scene, ViewLayer | Updating Integrator
Fra:1 Mem:13.03M (Peak 13.14M) | Time:00:00.00 | Mem:0.41M, Peak:0.41M | Scene, ViewLayer | Updating Film
Fra:1 Mem:13.03M (Peak 13.14M) | Time:00:00.00 | Mem:0.33M, Peak:0.41M | Scene, ViewLayer | Updating Lookup Tables
Fra:1 Mem:13.03M (Peak 13.14M) | Time:00:00.00 | Mem:0.41M, Peak:0.41M | Scene, ViewLayer | Updating Baking
Fra:1 Mem:13.03M (Peak 13.14M) | Time:00:00.00 | Mem:0.41M, Peak:0.41M | Scene, ViewLayer | Updating Device | Writing constant memory
Fra:1 Mem:13.03M (Peak 13.14M) | Time:00:00.00 | Mem:0.41M, Peak:0.41M | Scene, ViewLayer | Loading denoising kernels (may take a few minutes the first time)
Fra:1 Mem:13.03M (Peak 13.14M) | Time:00:00.00 | Mem:0.41M, Peak:0.41M | Scene, ViewLayer | Sample 0/64
Fra:1 Mem:85.21M (Peak 85.21M) | Time:00:00.16 | Remaining:00:09.79 | Mem:72.17M, Peak:72.17M | Scene, ViewLayer | Sample 1/64
Fra:1 Mem:115.42M (Peak 160.74M) | Time:00:10.72 | Mem:72.17M, Peak:72.17M | Scene, ViewLayer | Sample 64/64
Fra:1 Mem:115.42M (Peak 160.74M) | Time:00:10.72 | Mem:72.17M, Peak:72.17M | Scene, ViewLayer | Finished
Saved: 'C:\Users\linos\Desktop\github\skyrim\mods\arcane-arsenal\art\material-studies\embers-offset-fang-02\02-fractured-full.png'
Time: 00:10.79 (Saving: 00:00.06)

Fra:1 Mem:13.07M (Peak 13.07M) | Time:00:00.00 | Mem:0.00M, Peak:0.00M | Scene, ViewLayer | Synchronizing object | AA_WaraxeBody
Fra:1 Mem:13.07M (Peak 13.07M) | Time:00:00.00 | Mem:0.00M, Peak:0.00M | Scene, ViewLayer | Synchronizing object | Large soft key
Fra:1 Mem:13.10M (Peak 13.10M) | Time:00:00.00 | Mem:0.00M, Peak:0.00M | Scene, ViewLayer | Synchronizing object | Back rim
Fra:1 Mem:13.14M (Peak 13.14M) | Time:00:00.00 | Mem:0.00M, Peak:0.00M | Scene, ViewLayer | Initializing
Fra:1 Mem:12.69M (Peak 13.14M) | Time:00:00.00 | Mem:0.00M, Peak:0.00M | Scene, ViewLayer | Waiting for render to start
Fra:1 Mem:12.69M (Peak 13.14M) | Time:00:00.00 | Mem:0.00M, Peak:0.00M | Scene, ViewLayer | Updating Scene
Fra:1 Mem:12.69M (Peak 13.14M) | Time:00:00.00 | Mem:0.00M, Peak:0.00M | Scene, ViewLayer | Updating Shaders
Fra:1 Mem:12.69M (Peak 13.14M) | Time:00:00.00 | Mem:0.00M, Peak:0.00M | Scene, ViewLayer | Loading render kernels (may take a few minutes the first time)
Fra:1 Mem:12.78M (Peak 13.14M) | Time:00:00.00 | Mem:0.01M, Peak:0.01M | Scene, ViewLayer | Updating Procedurals
Fra:1 Mem:12.78M (Peak 13.14M) | Time:00:00.00 | Mem:0.01M, Peak:0.01M | Scene, ViewLayer | Updating Background
Fra:1 Mem:12.78M (Peak 13.14M) | Time:00:00.00 | Mem:0.01M, Peak:0.01M | Scene, ViewLayer | Updating Camera
Fra:1 Mem:12.78M (Peak 13.14M) | Time:00:00.00 | Mem:0.01M, Peak:0.01M | Scene, ViewLayer | Updating Meshes Flags
Fra:1 Mem:12.78M (Peak 13.14M) | Time:00:00.00 | Mem:0.01M, Peak:0.01M | Scene, ViewLayer | Updating Objects
Fra:1 Mem:12.78M (Peak 13.14M) | Time:00:00.00 | Mem:0.01M, Peak:0.01M | Scene, ViewLayer | Updating Objects | Copying Transformations to device
Fra:1 Mem:12.78M (Peak 13.14M) | Time:00:00.00 | Mem:0.01M, Peak:0.01M | Scene, ViewLayer | Updating Particle Systems
Fra:1 Mem:12.78M (Peak 13.14M) | Time:00:00.00 | Mem:0.01M, Peak:0.01M | Scene, ViewLayer | Updating Particle Systems | Copying Particles to device
Fra:1 Mem:12.78M (Peak 13.14M) | Time:00:00.00 | Mem:0.01M, Peak:0.01M | Scene, ViewLayer | Updating Meshes
Fra:1 Mem:12.78M (Peak 13.14M) | Time:00:00.00 | Mem:0.01M, Peak:0.01M | Scene, ViewLayer | Updating Objects | Applying Static Transformations
Fra:1 Mem:12.78M (Peak 13.14M) | Time:00:00.00 | Mem:0.01M, Peak:0.01M | Scene, ViewLayer | Updating Mesh | Computing attributes
Fra:1 Mem:12.79M (Peak 13.14M) | Time:00:00.00 | Mem:0.01M, Peak:0.01M | Scene, ViewLayer | Updating Mesh | Copying Attributes to device
Fra:1 Mem:12.79M (Peak 13.14M) | Time:00:00.00 | Mem:0.02M, Peak:0.02M | Scene, ViewLayer | Updating Scene BVH | Building
Fra:1 Mem:12.79M (Peak 13.14M) | Time:00:00.00 | Mem:0.02M, Peak:0.02M | Scene, ViewLayer | Updating Scene BVH | Building BVH
Fra:1 Mem:12.79M (Peak 13.14M) | Time:00:00.00 | Mem:0.05M, Peak:0.05M | Scene, ViewLayer | Updating Scene BVH | Building BVH 0%
Fra:1 Mem:12.79M (Peak 13.14M) | Time:00:00.00 | Mem:0.09M, Peak:0.12M | Scene, ViewLayer | Updating Scene BVH | Copying BVH to device
Fra:1 Mem:12.79M (Peak 13.14M) | Time:00:00.00 | Mem:0.09M, Peak:0.12M | Scene, ViewLayer | Updating Mesh | Computing normals
Fra:1 Mem:12.83M (Peak 13.14M) | Time:00:00.00 | Mem:0.09M, Peak:0.12M | Scene, ViewLayer | Updating Mesh | Copying Mesh to device
Fra:1 Mem:12.83M (Peak 13.14M) | Time:00:00.00 | Mem:0.13M, Peak:0.13M | Scene, ViewLayer | Updating Objects Flags
Fra:1 Mem:12.83M (Peak 13.14M) | Time:00:00.00 | Mem:0.13M, Peak:0.13M | Scene, ViewLayer | Updating Primitive Offsets
Fra:1 Mem:12.83M (Peak 13.14M) | Time:00:00.00 | Mem:0.13M, Peak:0.13M | Scene, ViewLayer | Updating Images
Fra:1 Mem:12.83M (Peak 13.14M) | Time:00:00.00 | Mem:0.13M, Peak:0.13M | Scene, ViewLayer | Updating Camera Volume
Fra:1 Mem:12.83M (Peak 13.14M) | Time:00:00.00 | Mem:0.13M, Peak:0.13M | Scene, ViewLayer | Updating Lookup Tables
Fra:1 Mem:12.83M (Peak 13.14M) | Time:00:00.00 | Mem:0.21M, Peak:0.21M | Scene, ViewLayer | Updating Lights
Fra:1 Mem:12.83M (Peak 13.14M) | Time:00:00.00 | Mem:0.21M, Peak:0.21M | Scene, ViewLayer | Updating Lights | Computing tree
Fra:1 Mem:13.03M (Peak 13.14M) | Time:00:00.00 | Mem:0.41M, Peak:0.41M | Scene, ViewLayer | Updating Integrator
Fra:1 Mem:13.03M (Peak 13.14M) | Time:00:00.00 | Mem:0.41M, Peak:0.41M | Scene, ViewLayer | Updating Film
Fra:1 Mem:13.03M (Peak 13.14M) | Time:00:00.00 | Mem:0.33M, Peak:0.41M | Scene, ViewLayer | Updating Lookup Tables
Fra:1 Mem:13.03M (Peak 13.14M) | Time:00:00.00 | Mem:0.41M, Peak:0.41M | Scene, ViewLayer | Updating Baking
Fra:1 Mem:13.03M (Peak 13.14M) | Time:00:00.00 | Mem:0.41M, Peak:0.41M | Scene, ViewLayer | Updating Device | Writing constant memory
Fra:1 Mem:13.03M (Peak 13.14M) | Time:00:00.00 | Mem:0.41M, Peak:0.41M | Scene, ViewLayer | Loading denoising kernels (may take a few minutes the first time)
Fra:1 Mem:13.03M (Peak 13.14M) | Time:00:00.00 | Mem:0.41M, Peak:0.41M | Scene, ViewLayer | Sample 0/64
Fra:1 Mem:72.16M (Peak 72.16M) | Time:00:00.15 | Remaining:00:09.65 | Mem:59.12M, Peak:59.12M | Scene, ViewLayer | Sample 1/64
Fra:1 Mem:96.88M (Peak 133.96M) | Time:00:10.23 | Mem:59.12M, Peak:59.12M | Scene, ViewLayer | Sample 64/64
Fra:1 Mem:96.88M (Peak 133.96M) | Time:00:10.23 | Mem:59.12M, Peak:59.12M | Scene, ViewLayer | Finished
Saved: 'C:\Users\linos\Desktop\github\skyrim\mods\arcane-arsenal\art\material-studies\embers-offset-fang-02\02-fractured-detail.png'
Time: 00:10.31 (Saving: 00:00.07)

MATERIAL_PREVIEW_DONE 02-fractured
Fra:1 Mem:13.05M (Peak 13.05M) | Time:00:00.00 | Mem:0.00M, Peak:0.00M | Scene, ViewLayer | Synchronizing object | AA_WaraxeBody
Fra:1 Mem:13.05M (Peak 13.05M) | Time:00:00.00 | Mem:0.00M, Peak:0.00M | Scene, ViewLayer | Synchronizing object | AA_WaraxeEdge
Fra:1 Mem:13.08M (Peak 13.08M) | Time:00:00.00 | Mem:0.00M, Peak:0.00M | Scene, ViewLayer | Synchronizing object | Back rim
Fra:1 Mem:13.11M (Peak 13.11M) | Time:00:00.00 | Mem:0.00M, Peak:0.00M | Scene, ViewLayer | Initializing
Fra:1 Mem:12.68M (Peak 13.11M) | Time:00:00.00 | Mem:0.00M, Peak:0.00M | Scene, ViewLayer | Waiting for render to start
Fra:1 Mem:12.68M (Peak 13.11M) | Time:00:00.00 | Mem:0.00M, Peak:0.00M | Scene, ViewLayer | Updating Scene
Fra:1 Mem:12.68M (Peak 13.11M) | Time:00:00.00 | Mem:0.00M, Peak:0.00M | Scene, ViewLayer | Updating Shaders
Fra:1 Mem:12.68M (Peak 13.11M) | Time:00:00.00 | Mem:0.00M, Peak:0.00M | Scene, ViewLayer | Loading render kernels (may take a few minutes the first time)
Fra:1 Mem:12.77M (Peak 13.11M) | Time:00:00.00 | Mem:0.01M, Peak:0.01M | Scene, ViewLayer | Updating Procedurals
Fra:1 Mem:12.77M (Peak 13.11M) | Time:00:00.00 | Mem:0.01M, Peak:0.01M | Scene, ViewLayer | Updating Background
Fra:1 Mem:12.77M (Peak 13.11M) | Time:00:00.00 | Mem:0.01M, Peak:0.01M | Scene, ViewLayer | Updating Camera
Fra:1 Mem:12.77M (Peak 13.11M) | Time:00:00.00 | Mem:0.01M, Peak:0.01M | Scene, ViewLayer | Updating Meshes Flags
Fra:1 Mem:12.77M (Peak 13.11M) | Time:00:00.00 | Mem:0.01M, Peak:0.01M | Scene, ViewLayer | Updating Objects
Fra:1 Mem:12.77M (Peak 13.11M) | Time:00:00.00 | Mem:0.01M, Peak:0.01M | Scene, ViewLayer | Updating Objects | Copying Transformations to device
Fra:1 Mem:12.77M (Peak 13.11M) | Time:00:00.00 | Mem:0.01M, Peak:0.01M | Scene, ViewLayer | Updating Particle Systems
Fra:1 Mem:12.77M (Peak 13.11M) | Time:00:00.00 | Mem:0.01M, Peak:0.01M | Scene, ViewLayer | Updating Particle Systems | Copying Particles to device
Fra:1 Mem:12.77M (Peak 13.11M) | Time:00:00.00 | Mem:0.01M, Peak:0.01M | Scene, ViewLayer | Updating Meshes
Fra:1 Mem:12.77M (Peak 13.11M) | Time:00:00.00 | Mem:0.01M, Peak:0.01M | Scene, ViewLayer | Updating Objects | Applying Static Transformations
Fra:1 Mem:12.77M (Peak 13.11M) | Time:00:00.00 | Mem:0.01M, Peak:0.01M | Scene, ViewLayer | Updating Mesh | Computing attributes
Fra:1 Mem:12.78M (Peak 13.11M) | Time:00:00.00 | Mem:0.01M, Peak:0.01M | Scene, ViewLayer | Updating Mesh | Copying Attributes to device
Fra:1 Mem:12.78M (Peak 13.11M) | Time:00:00.00 | Mem:0.02M, Peak:0.02M | Scene, ViewLayer | Updating Scene BVH | Building
Fra:1 Mem:12.78M (Peak 13.11M) | Time:00:00.00 | Mem:0.02M, Peak:0.02M | Scene, ViewLayer | Updating Scene BVH | Building BVH
Fra:1 Mem:12.78M (Peak 13.11M) | Time:00:00.00 | Mem:0.05M, Peak:0.05M | Scene, ViewLayer | Updating Scene BVH | Building BVH 0%
Fra:1 Mem:12.78M (Peak 13.11M) | Time:00:00.00 | Mem:0.09M, Peak:0.12M | Scene, ViewLayer | Updating Scene BVH | Copying BVH to device
Fra:1 Mem:12.78M (Peak 13.11M) | Time:00:00.00 | Mem:0.09M, Peak:0.12M | Scene, ViewLayer | Updating Mesh | Computing normals
Fra:1 Mem:12.82M (Peak 13.11M) | Time:00:00.00 | Mem:0.09M, Peak:0.12M | Scene, ViewLayer | Updating Mesh | Copying Mesh to device
Fra:1 Mem:12.82M (Peak 13.11M) | Time:00:00.00 | Mem:0.13M, Peak:0.13M | Scene, ViewLayer | Updating Objects Flags
Fra:1 Mem:12.82M (Peak 13.11M) | Time:00:00.00 | Mem:0.13M, Peak:0.13M | Scene, ViewLayer | Updating Primitive Offsets
Fra:1 Mem:12.82M (Peak 13.11M) | Time:00:00.00 | Mem:0.13M, Peak:0.13M | Scene, ViewLayer | Updating Images
Fra:1 Mem:12.82M (Peak 13.11M) | Time:00:00.00 | Mem:0.13M, Peak:0.13M | Scene, ViewLayer | Updating Camera Volume
Fra:1 Mem:12.82M (Peak 13.11M) | Time:00:00.00 | Mem:0.13M, Peak:0.13M | Scene, ViewLayer | Updating Lookup Tables
Fra:1 Mem:12.82M (Peak 13.11M) | Time:00:00.00 | Mem:0.21M, Peak:0.21M | Scene, ViewLayer | Updating Lights
Fra:1 Mem:12.82M (Peak 13.11M) | Time:00:00.00 | Mem:0.21M, Peak:0.21M | Scene, ViewLayer | Updating Lights | Computing tree
Fra:1 Mem:12.96M (Peak 13.11M) | Time:00:00.00 | Mem:0.35M, Peak:0.35M | Scene, ViewLayer | Updating Integrator
Fra:1 Mem:12.96M (Peak 13.11M) | Time:00:00.00 | Mem:0.35M, Peak:0.35M | Scene, ViewLayer | Updating Film
Fra:1 Mem:12.96M (Peak 13.11M) | Time:00:00.00 | Mem:0.27M, Peak:0.35M | Scene, ViewLayer | Updating Lookup Tables
Fra:1 Mem:12.96M (Peak 13.11M) | Time:00:00.00 | Mem:0.35M, Peak:0.35M | Scene, ViewLayer | Updating Baking
Fra:1 Mem:12.96M (Peak 13.11M) | Time:00:00.00 | Mem:0.35M, Peak:0.35M | Scene, ViewLayer | Updating Device | Writing constant memory
Fra:1 Mem:12.96M (Peak 13.11M) | Time:00:00.00 | Mem:0.35M, Peak:0.35M | Scene, ViewLayer | Loading denoising kernels (may take a few minutes the first time)
Fra:1 Mem:12.96M (Peak 13.11M) | Time:00:00.00 | Mem:0.35M, Peak:0.35M | Scene, ViewLayer | Sample 0/64
Fra:1 Mem:85.13M (Peak 85.13M) | Time:00:00.09 | Remaining:00:05.84 | Mem:72.11M, Peak:72.11M | Scene, ViewLayer | Sample 1/64
Fra:1 Mem:115.35M (Peak 160.67M) | Time:00:06.55 | Mem:72.11M, Peak:72.11M | Scene, ViewLayer | Sample 64/64
Fra:1 Mem:115.35M (Peak 160.67M) | Time:00:06.55 | Mem:72.11M, Peak:72.11M | Scene, ViewLayer | Finished
Saved: 'C:\Users\linos\Desktop\github\skyrim\mods\arcane-arsenal\art\material-studies\embers-offset-fang-02\03-onyx-full.png'
Time: 00:06.61 (Saving: 00:00.06)

Fra:1 Mem:13.05M (Peak 13.05M) | Time:00:00.00 | Mem:0.00M, Peak:0.00M | Scene, ViewLayer | Synchronizing object | AA_WaraxeBody
Fra:1 Mem:13.05M (Peak 13.05M) | Time:00:00.00 | Mem:0.00M, Peak:0.00M | Scene, ViewLayer | Synchronizing object | Large soft key
Fra:1 Mem:13.08M (Peak 13.08M) | Time:00:00.00 | Mem:0.00M, Peak:0.00M | Scene, ViewLayer | Synchronizing object | Back rim
Fra:1 Mem:13.11M (Peak 13.11M) | Time:00:00.00 | Mem:0.00M, Peak:0.00M | Scene, ViewLayer | Initializing
Fra:1 Mem:12.68M (Peak 13.11M) | Time:00:00.00 | Mem:0.00M, Peak:0.00M | Scene, ViewLayer | Waiting for render to start
Fra:1 Mem:12.68M (Peak 13.11M) | Time:00:00.00 | Mem:0.00M, Peak:0.00M | Scene, ViewLayer | Updating Scene
Fra:1 Mem:12.68M (Peak 13.11M) | Time:00:00.00 | Mem:0.00M, Peak:0.00M | Scene, ViewLayer | Updating Shaders
Fra:1 Mem:12.68M (Peak 13.11M) | Time:00:00.00 | Mem:0.00M, Peak:0.00M | Scene, ViewLayer | Loading render kernels (may take a few minutes the first time)
Fra:1 Mem:12.77M (Peak 13.11M) | Time:00:00.00 | Mem:0.01M, Peak:0.01M | Scene, ViewLayer | Updating Procedurals
Fra:1 Mem:12.77M (Peak 13.11M) | Time:00:00.00 | Mem:0.01M, Peak:0.01M | Scene, ViewLayer | Updating Background
Fra:1 Mem:12.77M (Peak 13.11M) | Time:00:00.00 | Mem:0.01M, Peak:0.01M | Scene, ViewLayer | Updating Camera
Fra:1 Mem:12.77M (Peak 13.11M) | Time:00:00.00 | Mem:0.01M, Peak:0.01M | Scene, ViewLayer | Updating Meshes Flags
Fra:1 Mem:12.77M (Peak 13.11M) | Time:00:00.00 | Mem:0.01M, Peak:0.01M | Scene, ViewLayer | Updating Objects
Fra:1 Mem:12.77M (Peak 13.11M) | Time:00:00.00 | Mem:0.01M, Peak:0.01M | Scene, ViewLayer | Updating Objects | Copying Transformations to device
Fra:1 Mem:12.77M (Peak 13.11M) | Time:00:00.00 | Mem:0.01M, Peak:0.01M | Scene, ViewLayer | Updating Particle Systems
Fra:1 Mem:12.77M (Peak 13.11M) | Time:00:00.00 | Mem:0.01M, Peak:0.01M | Scene, ViewLayer | Updating Particle Systems | Copying Particles to device
Fra:1 Mem:12.77M (Peak 13.11M) | Time:00:00.00 | Mem:0.01M, Peak:0.01M | Scene, ViewLayer | Updating Meshes
Fra:1 Mem:12.77M (Peak 13.11M) | Time:00:00.00 | Mem:0.01M, Peak:0.01M | Scene, ViewLayer | Updating Objects | Applying Static Transformations
Fra:1 Mem:12.77M (Peak 13.11M) | Time:00:00.00 | Mem:0.01M, Peak:0.01M | Scene, ViewLayer | Updating Mesh | Computing attributes
Fra:1 Mem:12.78M (Peak 13.11M) | Time:00:00.00 | Mem:0.01M, Peak:0.01M | Scene, ViewLayer | Updating Mesh | Copying Attributes to device
Fra:1 Mem:12.78M (Peak 13.11M) | Time:00:00.00 | Mem:0.02M, Peak:0.02M | Scene, ViewLayer | Updating Scene BVH | Building
Fra:1 Mem:12.78M (Peak 13.11M) | Time:00:00.00 | Mem:0.02M, Peak:0.02M | Scene, ViewLayer | Updating Scene BVH | Building BVH
Fra:1 Mem:12.78M (Peak 13.11M) | Time:00:00.00 | Mem:0.05M, Peak:0.05M | Scene, ViewLayer | Updating Scene BVH | Building BVH 0%
Fra:1 Mem:12.78M (Peak 13.11M) | Time:00:00.00 | Mem:0.09M, Peak:0.12M | Scene, ViewLayer | Updating Scene BVH | Copying BVH to device
Fra:1 Mem:12.78M (Peak 13.11M) | Time:00:00.00 | Mem:0.09M, Peak:0.12M | Scene, ViewLayer | Updating Mesh | Computing normals
Fra:1 Mem:12.82M (Peak 13.11M) | Time:00:00.00 | Mem:0.09M, Peak:0.12M | Scene, ViewLayer | Updating Mesh | Copying Mesh to device
Fra:1 Mem:12.82M (Peak 13.11M) | Time:00:00.00 | Mem:0.13M, Peak:0.13M | Scene, ViewLayer | Updating Objects Flags
Fra:1 Mem:12.82M (Peak 13.11M) | Time:00:00.00 | Mem:0.13M, Peak:0.13M | Scene, ViewLayer | Updating Primitive Offsets
Fra:1 Mem:12.82M (Peak 13.11M) | Time:00:00.00 | Mem:0.13M, Peak:0.13M | Scene, ViewLayer | Updating Images
Fra:1 Mem:12.82M (Peak 13.11M) | Time:00:00.00 | Mem:0.13M, Peak:0.13M | Scene, ViewLayer | Updating Camera Volume
Fra:1 Mem:12.82M (Peak 13.11M) | Time:00:00.00 | Mem:0.13M, Peak:0.13M | Scene, ViewLayer | Updating Lookup Tables
Fra:1 Mem:12.82M (Peak 13.11M) | Time:00:00.00 | Mem:0.21M, Peak:0.21M | Scene, ViewLayer | Updating Lights
Fra:1 Mem:12.82M (Peak 13.11M) | Time:00:00.00 | Mem:0.21M, Peak:0.21M | Scene, ViewLayer | Updating Lights | Computing tree
Fra:1 Mem:12.96M (Peak 13.11M) | Time:00:00.00 | Mem:0.35M, Peak:0.35M | Scene, ViewLayer | Updating Integrator
Fra:1 Mem:12.96M (Peak 13.11M) | Time:00:00.00 | Mem:0.35M, Peak:0.35M | Scene, ViewLayer | Updating Film
Fra:1 Mem:12.96M (Peak 13.11M) | Time:00:00.00 | Mem:0.27M, Peak:0.35M | Scene, ViewLayer | Updating Lookup Tables
Fra:1 Mem:12.96M (Peak 13.11M) | Time:00:00.00 | Mem:0.35M, Peak:0.35M | Scene, ViewLayer | Updating Baking
Fra:1 Mem:12.96M (Peak 13.11M) | Time:00:00.00 | Mem:0.35M, Peak:0.35M | Scene, ViewLayer | Updating Device | Writing constant memory
Fra:1 Mem:12.96M (Peak 13.11M) | Time:00:00.00 | Mem:0.35M, Peak:0.35M | Scene, ViewLayer | Loading denoising kernels (may take a few minutes the first time)
Fra:1 Mem:12.96M (Peak 13.11M) | Time:00:00.00 | Mem:0.35M, Peak:0.35M | Scene, ViewLayer | Sample 0/64
Fra:1 Mem:72.09M (Peak 72.09M) | Time:00:00.08 | Remaining:00:05.19 | Mem:59.06M, Peak:59.06M | Scene, ViewLayer | Sample 1/64
Fra:1 Mem:96.81M (Peak 133.89M) | Time:00:05.90 | Mem:59.06M, Peak:59.06M | Scene, ViewLayer | Sample 64/64
Fra:1 Mem:96.81M (Peak 133.89M) | Time:00:05.90 | Mem:59.06M, Peak:59.06M | Scene, ViewLayer | Finished
Saved: 'C:\Users\linos\Desktop\github\skyrim\mods\arcane-arsenal\art\material-studies\embers-offset-fang-02\03-onyx-detail.png'
Time: 00:05.97 (Saving: 00:00.06)

MATERIAL_PREVIEW_DONE 03-onyx
Fra:1 Mem:13.07M (Peak 13.07M) | Time:00:00.00 | Mem:0.00M, Peak:0.00M | Scene, ViewLayer | Synchronizing object | AA_WaraxeBody
Fra:1 Mem:13.07M (Peak 13.07M) | Time:00:00.00 | Mem:0.00M, Peak:0.00M | Scene, ViewLayer | Synchronizing object | AA_WaraxeEdge
Fra:1 Mem:13.11M (Peak 13.11M) | Time:00:00.00 | Mem:0.00M, Peak:0.00M | Scene, ViewLayer | Synchronizing object | Back rim
Fra:1 Mem:13.14M (Peak 13.14M) | Time:00:00.00 | Mem:0.00M, Peak:0.00M | Scene, ViewLayer | Initializing
Fra:1 Mem:12.69M (Peak 13.14M) | Time:00:00.00 | Mem:0.00M, Peak:0.00M | Scene, ViewLayer | Waiting for render to start
Fra:1 Mem:12.69M (Peak 13.14M) | Time:00:00.00 | Mem:0.00M, Peak:0.00M | Scene, ViewLayer | Updating Scene
Fra:1 Mem:12.69M (Peak 13.14M) | Time:00:00.00 | Mem:0.00M, Peak:0.00M | Scene, ViewLayer | Updating Shaders
Fra:1 Mem:12.69M (Peak 13.14M) | Time:00:00.00 | Mem:0.00M, Peak:0.00M | Scene, ViewLayer | Loading render kernels (may take a few minutes the first time)
Fra:1 Mem:12.78M (Peak 13.14M) | Time:00:00.00 | Mem:0.01M, Peak:0.01M | Scene, ViewLayer | Updating Procedurals
Fra:1 Mem:12.78M (Peak 13.14M) | Time:00:00.00 | Mem:0.01M, Peak:0.01M | Scene, ViewLayer | Updating Background
Fra:1 Mem:12.78M (Peak 13.14M) | Time:00:00.00 | Mem:0.01M, Peak:0.01M | Scene, ViewLayer | Updating Camera
Fra:1 Mem:12.78M (Peak 13.14M) | Time:00:00.00 | Mem:0.01M, Peak:0.01M | Scene, ViewLayer | Updating Meshes Flags
Fra:1 Mem:12.78M (Peak 13.14M) | Time:00:00.00 | Mem:0.01M, Peak:0.01M | Scene, ViewLayer | Updating Objects
Fra:1 Mem:12.78M (Peak 13.14M) | Time:00:00.00 | Mem:0.01M, Peak:0.01M | Scene, ViewLayer | Updating Objects | Copying Transformations to device
Fra:1 Mem:12.78M (Peak 13.14M) | Time:00:00.00 | Mem:0.01M, Peak:0.01M | Scene, ViewLayer | Updating Particle Systems
Fra:1 Mem:12.78M (Peak 13.14M) | Time:00:00.00 | Mem:0.01M, Peak:0.01M | Scene, ViewLayer | Updating Particle Systems | Copying Particles to device
Fra:1 Mem:12.78M (Peak 13.14M) | Time:00:00.00 | Mem:0.01M, Peak:0.01M | Scene, ViewLayer | Updating Meshes
Fra:1 Mem:12.78M (Peak 13.14M) | Time:00:00.00 | Mem:0.01M, Peak:0.01M | Scene, ViewLayer | Updating Objects | Applying Static Transformations
Fra:1 Mem:12.78M (Peak 13.14M) | Time:00:00.00 | Mem:0.01M, Peak:0.01M | Scene, ViewLayer | Updating Mesh | Computing attributes
Fra:1 Mem:12.79M (Peak 13.14M) | Time:00:00.00 | Mem:0.01M, Peak:0.01M | Scene, ViewLayer | Updating Mesh | Copying Attributes to device
Fra:1 Mem:12.79M (Peak 13.14M) | Time:00:00.00 | Mem:0.02M, Peak:0.02M | Scene, ViewLayer | Updating Scene BVH | Building
Fra:1 Mem:12.79M (Peak 13.14M) | Time:00:00.00 | Mem:0.02M, Peak:0.02M | Scene, ViewLayer | Updating Scene BVH | Building BVH
Fra:1 Mem:12.79M (Peak 13.14M) | Time:00:00.00 | Mem:0.05M, Peak:0.05M | Scene, ViewLayer | Updating Scene BVH | Building BVH 0%
Fra:1 Mem:12.79M (Peak 13.14M) | Time:00:00.00 | Mem:0.09M, Peak:0.12M | Scene, ViewLayer | Updating Scene BVH | Copying BVH to device
Fra:1 Mem:12.79M (Peak 13.14M) | Time:00:00.00 | Mem:0.09M, Peak:0.12M | Scene, ViewLayer | Updating Mesh | Computing normals
Fra:1 Mem:12.83M (Peak 13.14M) | Time:00:00.00 | Mem:0.09M, Peak:0.12M | Scene, ViewLayer | Updating Mesh | Copying Mesh to device
Fra:1 Mem:12.83M (Peak 13.14M) | Time:00:00.00 | Mem:0.13M, Peak:0.13M | Scene, ViewLayer | Updating Objects Flags
Fra:1 Mem:12.83M (Peak 13.14M) | Time:00:00.00 | Mem:0.13M, Peak:0.13M | Scene, ViewLayer | Updating Primitive Offsets
Fra:1 Mem:12.83M (Peak 13.14M) | Time:00:00.00 | Mem:0.13M, Peak:0.13M | Scene, ViewLayer | Updating Images
Fra:1 Mem:12.83M (Peak 13.14M) | Time:00:00.00 | Mem:0.13M, Peak:0.13M | Scene, ViewLayer | Updating Camera Volume
Fra:1 Mem:12.83M (Peak 13.14M) | Time:00:00.00 | Mem:0.13M, Peak:0.13M | Scene, ViewLayer | Updating Lookup Tables
Fra:1 Mem:12.83M (Peak 13.14M) | Time:00:00.00 | Mem:0.21M, Peak:0.21M | Scene, ViewLayer | Updating Lights
Fra:1 Mem:12.83M (Peak 13.14M) | Time:00:00.00 | Mem:0.21M, Peak:0.21M | Scene, ViewLayer | Updating Lights | Computing tree
Fra:1 Mem:12.97M (Peak 13.14M) | Time:00:00.00 | Mem:0.35M, Peak:0.35M | Scene, ViewLayer | Updating Integrator
Fra:1 Mem:12.97M (Peak 13.14M) | Time:00:00.00 | Mem:0.35M, Peak:0.35M | Scene, ViewLayer | Updating Film
Fra:1 Mem:12.97M (Peak 13.14M) | Time:00:00.00 | Mem:0.27M, Peak:0.35M | Scene, ViewLayer | Updating Lookup Tables
Fra:1 Mem:12.97M (Peak 13.14M) | Time:00:00.00 | Mem:0.35M, Peak:0.35M | Scene, ViewLayer | Updating Baking
Fra:1 Mem:12.97M (Peak 13.14M) | Time:00:00.00 | Mem:0.35M, Peak:0.35M | Scene, ViewLayer | Updating Device | Writing constant memory
Fra:1 Mem:12.97M (Peak 13.14M) | Time:00:00.00 | Mem:0.35M, Peak:0.35M | Scene, ViewLayer | Loading denoising kernels (may take a few minutes the first time)
Fra:1 Mem:12.97M (Peak 13.14M) | Time:00:00.00 | Mem:0.35M, Peak:0.35M | Scene, ViewLayer | Sample 0/64
Fra:1 Mem:85.14M (Peak 85.14M) | Time:00:00.11 | Remaining:00:06.69 | Mem:72.11M, Peak:72.11M | Scene, ViewLayer | Sample 1/64
Fra:1 Mem:115.36M (Peak 160.68M) | Time:00:07.48 | Mem:72.11M, Peak:72.11M | Scene, ViewLayer | Sample 64/64
Fra:1 Mem:115.36M (Peak 160.68M) | Time:00:07.48 | Mem:72.11M, Peak:72.11M | Scene, ViewLayer | Finished
Saved: 'C:\Users\linos\Desktop\github\skyrim\mods\arcane-arsenal\art\material-studies\embers-offset-fang-02\04-meteor-full.png'
Time: 00:07.55 (Saving: 00:00.06)

Fra:1 Mem:13.07M (Peak 13.07M) | Time:00:00.00 | Mem:0.00M, Peak:0.00M | Scene, ViewLayer | Synchronizing object | AA_WaraxeBody
Fra:1 Mem:13.07M (Peak 13.07M) | Time:00:00.00 | Mem:0.00M, Peak:0.00M | Scene, ViewLayer | Synchronizing object | Large soft key
Fra:1 Mem:13.10M (Peak 13.10M) | Time:00:00.00 | Mem:0.00M, Peak:0.00M | Scene, ViewLayer | Synchronizing object | Back rim
Fra:1 Mem:13.14M (Peak 13.14M) | Time:00:00.00 | Mem:0.00M, Peak:0.00M | Scene, ViewLayer | Initializing
Fra:1 Mem:12.69M (Peak 13.14M) | Time:00:00.00 | Mem:0.00M, Peak:0.00M | Scene, ViewLayer | Waiting for render to start
Fra:1 Mem:12.69M (Peak 13.14M) | Time:00:00.00 | Mem:0.00M, Peak:0.00M | Scene, ViewLayer | Updating Scene
Fra:1 Mem:12.69M (Peak 13.14M) | Time:00:00.00 | Mem:0.00M, Peak:0.00M | Scene, ViewLayer | Updating Shaders
Fra:1 Mem:12.69M (Peak 13.14M) | Time:00:00.00 | Mem:0.00M, Peak:0.00M | Scene, ViewLayer | Loading render kernels (may take a few minutes the first time)
Fra:1 Mem:12.78M (Peak 13.14M) | Time:00:00.00 | Mem:0.01M, Peak:0.01M | Scene, ViewLayer | Updating Procedurals
Fra:1 Mem:12.78M (Peak 13.14M) | Time:00:00.00 | Mem:0.01M, Peak:0.01M | Scene, ViewLayer | Updating Background
Fra:1 Mem:12.78M (Peak 13.14M) | Time:00:00.00 | Mem:0.01M, Peak:0.01M | Scene, ViewLayer | Updating Camera
Fra:1 Mem:12.78M (Peak 13.14M) | Time:00:00.00 | Mem:0.01M, Peak:0.01M | Scene, ViewLayer | Updating Meshes Flags
Fra:1 Mem:12.78M (Peak 13.14M) | Time:00:00.00 | Mem:0.01M, Peak:0.01M | Scene, ViewLayer | Updating Objects
Fra:1 Mem:12.78M (Peak 13.14M) | Time:00:00.00 | Mem:0.01M, Peak:0.01M | Scene, ViewLayer | Updating Objects | Copying Transformations to device
Fra:1 Mem:12.78M (Peak 13.14M) | Time:00:00.00 | Mem:0.01M, Peak:0.01M | Scene, ViewLayer | Updating Particle Systems
Fra:1 Mem:12.78M (Peak 13.14M) | Time:00:00.00 | Mem:0.01M, Peak:0.01M | Scene, ViewLayer | Updating Particle Systems | Copying Particles to device
Fra:1 Mem:12.78M (Peak 13.14M) | Time:00:00.00 | Mem:0.01M, Peak:0.01M | Scene, ViewLayer | Updating Meshes
Fra:1 Mem:12.78M (Peak 13.14M) | Time:00:00.00 | Mem:0.01M, Peak:0.01M | Scene, ViewLayer | Updating Objects | Applying Static Transformations
Fra:1 Mem:12.78M (Peak 13.14M) | Time:00:00.00 | Mem:0.01M, Peak:0.01M | Scene, ViewLayer | Updating Mesh | Computing attributes
Fra:1 Mem:12.79M (Peak 13.14M) | Time:00:00.00 | Mem:0.01M, Peak:0.01M | Scene, ViewLayer | Updating Mesh | Copying Attributes to device
Fra:1 Mem:12.79M (Peak 13.14M) | Time:00:00.00 | Mem:0.02M, Peak:0.02M | Scene, ViewLayer | Updating Scene BVH | Building
Fra:1 Mem:12.79M (Peak 13.14M) | Time:00:00.00 | Mem:0.02M, Peak:0.02M | Scene, ViewLayer | Updating Scene BVH | Building BVH
Fra:1 Mem:12.79M (Peak 13.14M) | Time:00:00.00 | Mem:0.05M, Peak:0.05M | Scene, ViewLayer | Updating Scene BVH | Building BVH 0%
Fra:1 Mem:12.79M (Peak 13.14M) | Time:00:00.00 | Mem:0.09M, Peak:0.12M | Scene, ViewLayer | Updating Scene BVH | Copying BVH to device
Fra:1 Mem:12.79M (Peak 13.14M) | Time:00:00.00 | Mem:0.09M, Peak:0.12M | Scene, ViewLayer | Updating Mesh | Computing normals
Fra:1 Mem:12.83M (Peak 13.14M) | Time:00:00.00 | Mem:0.09M, Peak:0.12M | Scene, ViewLayer | Updating Mesh | Copying Mesh to device
Fra:1 Mem:12.83M (Peak 13.14M) | Time:00:00.00 | Mem:0.13M, Peak:0.13M | Scene, ViewLayer | Updating Objects Flags
Fra:1 Mem:12.83M (Peak 13.14M) | Time:00:00.00 | Mem:0.13M, Peak:0.13M | Scene, ViewLayer | Updating Primitive Offsets
Fra:1 Mem:12.83M (Peak 13.14M) | Time:00:00.00 | Mem:0.13M, Peak:0.13M | Scene, ViewLayer | Updating Images
Fra:1 Mem:12.83M (Peak 13.14M) | Time:00:00.00 | Mem:0.13M, Peak:0.13M | Scene, ViewLayer | Updating Camera Volume
Fra:1 Mem:12.83M (Peak 13.14M) | Time:00:00.00 | Mem:0.13M, Peak:0.13M | Scene, ViewLayer | Updating Lookup Tables
Fra:1 Mem:12.83M (Peak 13.14M) | Time:00:00.00 | Mem:0.21M, Peak:0.21M | Scene, ViewLayer | Updating Lights
Fra:1 Mem:12.83M (Peak 13.14M) | Time:00:00.00 | Mem:0.21M, Peak:0.21M | Scene, ViewLayer | Updating Lights | Computing tree
Fra:1 Mem:12.97M (Peak 13.14M) | Time:00:00.00 | Mem:0.35M, Peak:0.35M | Scene, ViewLayer | Updating Integrator
Fra:1 Mem:12.97M (Peak 13.14M) | Time:00:00.00 | Mem:0.35M, Peak:0.35M | Scene, ViewLayer | Updating Film
Fra:1 Mem:12.97M (Peak 13.14M) | Time:00:00.00 | Mem:0.27M, Peak:0.35M | Scene, ViewLayer | Updating Lookup Tables
Fra:1 Mem:12.97M (Peak 13.14M) | Time:00:00.00 | Mem:0.35M, Peak:0.35M | Scene, ViewLayer | Updating Baking
Fra:1 Mem:12.97M (Peak 13.14M) | Time:00:00.00 | Mem:0.35M, Peak:0.35M | Scene, ViewLayer | Updating Device | Writing constant memory
Fra:1 Mem:12.97M (Peak 13.14M) | Time:00:00.00 | Mem:0.35M, Peak:0.35M | Scene, ViewLayer | Loading denoising kernels (may take a few minutes the first time)
Fra:1 Mem:12.97M (Peak 13.14M) | Time:00:00.00 | Mem:0.35M, Peak:0.35M | Scene, ViewLayer | Sample 0/64
Fra:1 Mem:72.10M (Peak 72.10M) | Time:00:00.11 | Remaining:00:06.65 | Mem:59.06M, Peak:59.06M | Scene, ViewLayer | Sample 1/64
Fra:1 Mem:96.82M (Peak 133.90M) | Time:00:07.16 | Mem:59.06M, Peak:59.06M | Scene, ViewLayer | Sample 64/64
Fra:1 Mem:96.82M (Peak 133.90M) | Time:00:07.16 | Mem:59.06M, Peak:59.06M | Scene, ViewLayer | Finished
Saved: 'C:\Users\linos\Desktop\github\skyrim\mods\arcane-arsenal\art\material-studies\embers-offset-fang-02\04-meteor-detail.png'
Time: 00:07.22 (Saving: 00:00.06)

MATERIAL_PREVIEW_DONE 04-meteor
Fra:1 Mem:12.97M (Peak 12.97M) | Time:00:00.00 | Mem:0.00M, Peak:0.00M | Scene, ViewLayer | Synchronizing object | AA_WaraxeBody
Fra:1 Mem:12.97M (Peak 12.97M) | Time:00:00.00 | Mem:0.00M, Peak:0.00M | Scene, ViewLayer | Synchronizing object | Large soft key
Fra:1 Mem:13.00M (Peak 13.00M) | Time:00:00.00 | Mem:0.00M, Peak:0.00M | Scene, ViewLayer | Synchronizing object | Back rim
Fra:1 Mem:13.04M (Peak 13.04M) | Time:00:00.00 | Mem:0.00M, Peak:0.00M | Scene, ViewLayer | Initializing
Fra:1 Mem:12.64M (Peak 13.04M) | Time:00:00.00 | Mem:0.00M, Peak:0.00M | Scene, ViewLayer | Waiting for render to start
Fra:1 Mem:12.64M (Peak 13.04M) | Time:00:00.00 | Mem:0.00M, Peak:0.00M | Scene, ViewLayer | Updating Scene
Fra:1 Mem:12.64M (Peak 13.04M) | Time:00:00.00 | Mem:0.00M, Peak:0.00M | Scene, ViewLayer | Updating Shaders
Fra:1 Mem:12.64M (Peak 13.04M) | Time:00:00.00 | Mem:0.00M, Peak:0.00M | Scene, ViewLayer | Loading render kernels (may take a few minutes the first time)
Fra:1 Mem:12.73M (Peak 13.04M) | Time:00:00.00 | Mem:0.00M, Peak:0.00M | Scene, ViewLayer | Updating Procedurals
Fra:1 Mem:12.73M (Peak 13.04M) | Time:00:00.00 | Mem:0.00M, Peak:0.00M | Scene, ViewLayer | Updating Background
Fra:1 Mem:12.73M (Peak 13.04M) | Time:00:00.00 | Mem:0.00M, Peak:0.00M | Scene, ViewLayer | Updating Camera
Fra:1 Mem:12.73M (Peak 13.04M) | Time:00:00.00 | Mem:0.00M, Peak:0.00M | Scene, ViewLayer | Updating Meshes Flags
Fra:1 Mem:12.73M (Peak 13.04M) | Time:00:00.00 | Mem:0.00M, Peak:0.00M | Scene, ViewLayer | Updating Objects
Fra:1 Mem:12.73M (Peak 13.04M) | Time:00:00.00 | Mem:0.00M, Peak:0.00M | Scene, ViewLayer | Updating Objects | Copying Transformations to device
Fra:1 Mem:12.73M (Peak 13.04M) | Time:00:00.00 | Mem:0.00M, Peak:0.00M | Scene, ViewLayer | Updating Particle Systems
Fra:1 Mem:12.73M (Peak 13.04M) | Time:00:00.00 | Mem:0.00M, Peak:0.00M | Scene, ViewLayer | Updating Particle Systems | Copying Particles to device
Fra:1 Mem:12.73M (Peak 13.04M) | Time:00:00.00 | Mem:0.01M, Peak:0.01M | Scene, ViewLayer | Updating Meshes
Fra:1 Mem:12.73M (Peak 13.04M) | Time:00:00.00 | Mem:0.01M, Peak:0.01M | Scene, ViewLayer | Updating Objects | Applying Static Transformations
Fra:1 Mem:12.73M (Peak 13.04M) | Time:00:00.00 | Mem:0.01M, Peak:0.01M | Scene, ViewLayer | Updating Mesh | Computing attributes
Fra:1 Mem:12.74M (Peak 13.04M) | Time:00:00.00 | Mem:0.01M, Peak:0.01M | Scene, ViewLayer | Updating Mesh | Copying Attributes to device
Fra:1 Mem:12.74M (Peak 13.04M) | Time:00:00.00 | Mem:0.02M, Peak:0.02M | Scene, ViewLayer | Updating Scene BVH | Building
Fra:1 Mem:12.74M (Peak 13.04M) | Time:00:00.00 | Mem:0.02M, Peak:0.02M | Scene, ViewLayer | Updating Scene BVH | Building BVH
Fra:1 Mem:12.74M (Peak 13.04M) | Time:00:00.00 | Mem:0.05M, Peak:0.05M | Scene, ViewLayer | Updating Scene BVH | Building BVH 0%
Fra:1 Mem:12.74M (Peak 13.04M) | Time:00:00.00 | Mem:0.09M, Peak:0.12M | Scene, ViewLayer | Updating Scene BVH | Copying BVH to device
Fra:1 Mem:12.74M (Peak 13.04M) | Time:00:00.00 | Mem:0.09M, Peak:0.12M | Scene, ViewLayer | Updating Mesh | Computing normals
Fra:1 Mem:12.78M (Peak 13.04M) | Time:00:00.00 | Mem:0.09M, Peak:0.12M | Scene, ViewLayer | Updating Mesh | Copying Mesh to device
Fra:1 Mem:12.78M (Peak 13.04M) | Time:00:00.00 | Mem:0.13M, Peak:0.13M | Scene, ViewLayer | Updating Objects Flags
Fra:1 Mem:12.78M (Peak 13.04M) | Time:00:00.00 | Mem:0.13M, Peak:0.13M | Scene, ViewLayer | Updating Primitive Offsets
Fra:1 Mem:12.78M (Peak 13.04M) | Time:00:00.00 | Mem:0.13M, Peak:0.13M | Scene, ViewLayer | Updating Images
Fra:1 Mem:12.78M (Peak 13.04M) | Time:00:00.00 | Mem:0.13M, Peak:0.13M | Scene, ViewLayer | Updating Camera Volume
Fra:1 Mem:12.78M (Peak 13.04M) | Time:00:00.00 | Mem:0.13M, Peak:0.13M | Scene, ViewLayer | Updating Lookup Tables
Fra:1 Mem:12.78M (Peak 13.04M) | Time:00:00.00 | Mem:0.21M, Peak:0.21M | Scene, ViewLayer | Updating Lights
Fra:1 Mem:12.78M (Peak 13.04M) | Time:00:00.00 | Mem:0.21M, Peak:0.21M | Scene, ViewLayer | Updating Lights | Computing tree
Fra:1 Mem:12.78M (Peak 13.04M) | Time:00:00.00 | Mem:0.21M, Peak:0.21M | Scene, ViewLayer | Updating Integrator
Fra:1 Mem:12.78M (Peak 13.04M) | Time:00:00.00 | Mem:0.21M, Peak:0.21M | Scene, ViewLayer | Updating Film
Fra:1 Mem:12.79M (Peak 13.04M) | Time:00:00.00 | Mem:0.13M, Peak:0.21M | Scene, ViewLayer | Updating Lookup Tables
Fra:1 Mem:12.79M (Peak 13.04M) | Time:00:00.00 | Mem:0.22M, Peak:0.22M | Scene, ViewLayer | Updating Baking
Fra:1 Mem:12.79M (Peak 13.04M) | Time:00:00.00 | Mem:0.22M, Peak:0.22M | Scene, ViewLayer | Updating Device | Writing constant memory
Fra:1 Mem:12.79M (Peak 13.04M) | Time:00:00.00 | Mem:0.22M, Peak:0.22M | Scene, ViewLayer | Loading denoising kernels (may take a few minutes the first time)
Fra:1 Mem:12.79M (Peak 13.04M) | Time:00:00.00 | Mem:0.22M, Peak:0.22M | Scene, ViewLayer | Sample 0/64
Fra:1 Mem:84.96M (Peak 84.96M) | Time:00:00.09 | Remaining:00:05.88 | Mem:71.97M, Peak:71.97M | Scene, ViewLayer | Sample 1/64
Fra:1 Mem:115.17M (Peak 160.49M) | Time:00:06.33 | Mem:71.97M, Peak:71.97M | Scene, ViewLayer | Sample 64/64
Fra:1 Mem:115.17M (Peak 160.49M) | Time:00:06.33 | Mem:71.97M, Peak:71.97M | Scene, ViewLayer | Finished
Saved: 'C:\Users\linos\Desktop\github\skyrim\mods\arcane-arsenal\art\material-studies\embers-offset-fang-02\05-gold-full.png'
Time: 00:06.40 (Saving: 00:00.06)

Fra:1 Mem:12.97M (Peak 12.97M) | Time:00:00.00 | Mem:0.00M, Peak:0.00M | Scene, ViewLayer | Synchronizing object | AA_WaraxeBody
Fra:1 Mem:12.97M (Peak 12.97M) | Time:00:00.00 | Mem:0.00M, Peak:0.00M | Scene, ViewLayer | Synchronizing object | AA_WaraxeEdge
Fra:1 Mem:13.01M (Peak 13.01M) | Time:00:00.00 | Mem:0.00M, Peak:0.00M | Scene, ViewLayer | Synchronizing object | Back rim
Fra:1 Mem:13.04M (Peak 13.04M) | Time:00:00.00 | Mem:0.00M, Peak:0.00M | Scene, ViewLayer | Initializing
Fra:1 Mem:12.64M (Peak 13.04M) | Time:00:00.00 | Mem:0.00M, Peak:0.00M | Scene, ViewLayer | Waiting for render to start
Fra:1 Mem:12.64M (Peak 13.04M) | Time:00:00.00 | Mem:0.00M, Peak:0.00M | Scene, ViewLayer | Updating Scene
Fra:1 Mem:12.64M (Peak 13.04M) | Time:00:00.00 | Mem:0.00M, Peak:0.00M | Scene, ViewLayer | Updating Shaders
Fra:1 Mem:12.64M (Peak 13.04M) | Time:00:00.00 | Mem:0.00M, Peak:0.00M | Scene, ViewLayer | Loading render kernels (may take a few minutes the first time)
Fra:1 Mem:12.73M (Peak 13.04M) | Time:00:00.00 | Mem:0.00M, Peak:0.00M | Scene, ViewLayer | Updating Procedurals
Fra:1 Mem:12.73M (Peak 13.04M) | Time:00:00.00 | Mem:0.00M, Peak:0.00M | Scene, ViewLayer | Updating Background
Fra:1 Mem:12.73M (Peak 13.04M) | Time:00:00.00 | Mem:0.00M, Peak:0.00M | Scene, ViewLayer | Updating Camera
Fra:1 Mem:12.73M (Peak 13.04M) | Time:00:00.00 | Mem:0.00M, Peak:0.00M | Scene, ViewLayer | Updating Meshes Flags
Fra:1 Mem:12.73M (Peak 13.04M) | Time:00:00.00 | Mem:0.00M, Peak:0.00M | Scene, ViewLayer | Updating Objects
Fra:1 Mem:12.73M (Peak 13.04M) | Time:00:00.00 | Mem:0.00M, Peak:0.00M | Scene, ViewLayer | Updating Objects | Copying Transformations to device
Fra:1 Mem:12.73M (Peak 13.04M) | Time:00:00.00 | Mem:0.00M, Peak:0.00M | Scene, ViewLayer | Updating Particle Systems
Fra:1 Mem:12.73M (Peak 13.04M) | Time:00:00.00 | Mem:0.00M, Peak:0.00M | Scene, ViewLayer | Updating Particle Systems | Copying Particles to device
Fra:1 Mem:12.73M (Peak 13.04M) | Time:00:00.00 | Mem:0.01M, Peak:0.01M | Scene, ViewLayer | Updating Meshes
Fra:1 Mem:12.73M (Peak 13.04M) | Time:00:00.00 | Mem:0.01M, Peak:0.01M | Scene, ViewLayer | Updating Objects | Applying Static Transformations
Fra:1 Mem:12.73M (Peak 13.04M) | Time:00:00.00 | Mem:0.01M, Peak:0.01M | Scene, ViewLayer | Updating Mesh | Computing attributes
Fra:1 Mem:12.74M (Peak 13.04M) | Time:00:00.00 | Mem:0.01M, Peak:0.01M | Scene, ViewLayer | Updating Mesh | Copying Attributes to device
Fra:1 Mem:12.74M (Peak 13.04M) | Time:00:00.00 | Mem:0.02M, Peak:0.02M | Scene, ViewLayer | Updating Scene BVH | Building
Fra:1 Mem:12.74M (Peak 13.04M) | Time:00:00.00 | Mem:0.02M, Peak:0.02M | Scene, ViewLayer | Updating Scene BVH | Building BVH
Fra:1 Mem:12.74M (Peak 13.04M) | Time:00:00.00 | Mem:0.05M, Peak:0.05M | Scene, ViewLayer | Updating Scene BVH | Building BVH 0%
Fra:1 Mem:12.74M (Peak 13.04M) | Time:00:00.00 | Mem:0.09M, Peak:0.12M | Scene, ViewLayer | Updating Scene BVH | Copying BVH to device
Fra:1 Mem:12.74M (Peak 13.04M) | Time:00:00.00 | Mem:0.09M, Peak:0.12M | Scene, ViewLayer | Updating Mesh | Computing normals
Fra:1 Mem:12.78M (Peak 13.04M) | Time:00:00.00 | Mem:0.09M, Peak:0.12M | Scene, ViewLayer | Updating Mesh | Copying Mesh to device
Fra:1 Mem:12.78M (Peak 13.04M) | Time:00:00.00 | Mem:0.13M, Peak:0.13M | Scene, ViewLayer | Updating Objects Flags
Fra:1 Mem:12.78M (Peak 13.04M) | Time:00:00.00 | Mem:0.13M, Peak:0.13M | Scene, ViewLayer | Updating Primitive Offsets
Fra:1 Mem:12.78M (Peak 13.04M) | Time:00:00.00 | Mem:0.13M, Peak:0.13M | Scene, ViewLayer | Updating Images
Fra:1 Mem:12.78M (Peak 13.04M) | Time:00:00.00 | Mem:0.13M, Peak:0.13M | Scene, ViewLayer | Updating Camera Volume
Fra:1 Mem:12.78M (Peak 13.04M) | Time:00:00.00 | Mem:0.13M, Peak:0.13M | Scene, ViewLayer | Updating Lookup Tables
Fra:1 Mem:12.78M (Peak 13.04M) | Time:00:00.00 | Mem:0.21M, Peak:0.21M | Scene, ViewLayer | Updating Lights
Fra:1 Mem:12.78M (Peak 13.04M) | Time:00:00.00 | Mem:0.21M, Peak:0.21M | Scene, ViewLayer | Updating Lights | Computing tree
Fra:1 Mem:12.78M (Peak 13.04M) | Time:00:00.00 | Mem:0.21M, Peak:0.21M | Scene, ViewLayer | Updating Integrator
Fra:1 Mem:12.78M (Peak 13.04M) | Time:00:00.00 | Mem:0.21M, Peak:0.21M | Scene, ViewLayer | Updating Film
Fra:1 Mem:12.79M (Peak 13.04M) | Time:00:00.00 | Mem:0.13M, Peak:0.21M | Scene, ViewLayer | Updating Lookup Tables
Fra:1 Mem:12.79M (Peak 13.04M) | Time:00:00.00 | Mem:0.22M, Peak:0.22M | Scene, ViewLayer | Updating Baking
Fra:1 Mem:12.79M (Peak 13.04M) | Time:00:00.00 | Mem:0.22M, Peak:0.22M | Scene, ViewLayer | Updating Device | Writing constant memory
Fra:1 Mem:12.79M (Peak 13.04M) | Time:00:00.00 | Mem:0.22M, Peak:0.22M | Scene, ViewLayer | Loading denoising kernels (may take a few minutes the first time)
Fra:1 Mem:12.79M (Peak 13.04M) | Time:00:00.00 | Mem:0.22M, Peak:0.22M | Scene, ViewLayer | Sample 0/64
Fra:1 Mem:71.91M (Peak 71.91M) | Time:00:00.07 | Remaining:00:04.85 | Mem:58.92M, Peak:58.92M | Scene, ViewLayer | Sample 1/64
Fra:1 Mem:96.63M (Peak 133.72M) | Time:00:05.56 | Mem:58.92M, Peak:58.92M | Scene, ViewLayer | Sample 64/64
Fra:1 Mem:96.63M (Peak 133.72M) | Time:00:05.56 | Mem:58.92M, Peak:58.92M | Scene, ViewLayer | Finished
Saved: 'C:\Users\linos\Desktop\github\skyrim\mods\arcane-arsenal\art\material-studies\embers-offset-fang-02\05-gold-detail.png'
Time: 00:05.62 (Saving: 00:00.06)

MATERIAL_PREVIEW_DONE 05-gold
Fra:1 Mem:12.97M (Peak 12.97M) | Time:00:00.00 | Mem:0.00M, Peak:0.00M | Scene, ViewLayer | Synchronizing object | AA_WaraxeBody
Fra:1 Mem:12.98M (Peak 12.98M) | Time:00:00.00 | Mem:0.00M, Peak:0.00M | Scene, ViewLayer | Synchronizing object | Cool vertical reflection
Fra:1 Mem:12.99M (Peak 12.99M) | Time:00:00.00 | Mem:0.00M, Peak:0.00M | Scene, ViewLayer | Synchronizing object | Back rim
Fra:1 Mem:13.04M (Peak 13.04M) | Time:00:00.00 | Mem:0.00M, Peak:0.00M | Scene, ViewLayer | Initializing
Fra:1 Mem:12.64M (Peak 13.04M) | Time:00:00.00 | Mem:0.00M, Peak:0.00M | Scene, ViewLayer | Waiting for render to start
Fra:1 Mem:12.64M (Peak 13.04M) | Time:00:00.00 | Mem:0.00M, Peak:0.00M | Scene, ViewLayer | Updating Scene
Fra:1 Mem:12.64M (Peak 13.04M) | Time:00:00.00 | Mem:0.00M, Peak:0.00M | Scene, ViewLayer | Updating Shaders
Fra:1 Mem:12.64M (Peak 13.04M) | Time:00:00.00 | Mem:0.00M, Peak:0.00M | Scene, ViewLayer | Loading render kernels (may take a few minutes the first time)
Fra:1 Mem:12.73M (Peak 13.04M) | Time:00:00.00 | Mem:0.00M, Peak:0.00M | Scene, ViewLayer | Updating Procedurals
Fra:1 Mem:12.73M (Peak 13.04M) | Time:00:00.00 | Mem:0.00M, Peak:0.00M | Scene, ViewLayer | Updating Background
Fra:1 Mem:12.73M (Peak 13.04M) | Time:00:00.00 | Mem:0.00M, Peak:0.00M | Scene, ViewLayer | Updating Camera
Fra:1 Mem:12.73M (Peak 13.04M) | Time:00:00.00 | Mem:0.00M, Peak:0.00M | Scene, ViewLayer | Updating Meshes Flags
Fra:1 Mem:12.73M (Peak 13.04M) | Time:00:00.00 | Mem:0.00M, Peak:0.00M | Scene, ViewLayer | Updating Objects
Fra:1 Mem:12.73M (Peak 13.04M) | Time:00:00.00 | Mem:0.00M, Peak:0.00M | Scene, ViewLayer | Updating Objects | Copying Transformations to device
Fra:1 Mem:12.73M (Peak 13.04M) | Time:00:00.00 | Mem:0.00M, Peak:0.00M | Scene, ViewLayer | Updating Particle Systems
Fra:1 Mem:12.73M (Peak 13.04M) | Time:00:00.00 | Mem:0.00M, Peak:0.00M | Scene, ViewLayer | Updating Particle Systems | Copying Particles to device
Fra:1 Mem:12.73M (Peak 13.04M) | Time:00:00.00 | Mem:0.01M, Peak:0.01M | Scene, ViewLayer | Updating Meshes
Fra:1 Mem:12.73M (Peak 13.04M) | Time:00:00.00 | Mem:0.01M, Peak:0.01M | Scene, ViewLayer | Updating Objects | Applying Static Transformations
Fra:1 Mem:12.73M (Peak 13.04M) | Time:00:00.00 | Mem:0.01M, Peak:0.01M | Scene, ViewLayer | Updating Mesh | Computing attributes
Fra:1 Mem:12.74M (Peak 13.04M) | Time:00:00.00 | Mem:0.01M, Peak:0.01M | Scene, ViewLayer | Updating Mesh | Copying Attributes to device
Fra:1 Mem:12.74M (Peak 13.04M) | Time:00:00.00 | Mem:0.02M, Peak:0.02M | Scene, ViewLayer | Updating Scene BVH | Building
Fra:1 Mem:12.74M (Peak 13.04M) | Time:00:00.00 | Mem:0.02M, Peak:0.02M | Scene, ViewLayer | Updating Scene BVH | Building BVH
Fra:1 Mem:12.74M (Peak 13.04M) | Time:00:00.00 | Mem:0.05M, Peak:0.05M | Scene, ViewLayer | Updating Scene BVH | Building BVH 0%
Fra:1 Mem:12.74M (Peak 13.04M) | Time:00:00.00 | Mem:0.09M, Peak:0.12M | Scene, ViewLayer | Updating Scene BVH | Copying BVH to device
Fra:1 Mem:12.74M (Peak 13.04M) | Time:00:00.00 | Mem:0.09M, Peak:0.12M | Scene, ViewLayer | Updating Mesh | Computing normals
Fra:1 Mem:12.78M (Peak 13.04M) | Time:00:00.00 | Mem:0.09M, Peak:0.12M | Scene, ViewLayer | Updating Mesh | Copying Mesh to device
Fra:1 Mem:12.78M (Peak 13.04M) | Time:00:00.00 | Mem:0.13M, Peak:0.13M | Scene, ViewLayer | Updating Objects Flags
Fra:1 Mem:12.78M (Peak 13.04M) | Time:00:00.00 | Mem:0.13M, Peak:0.13M | Scene, ViewLayer | Updating Primitive Offsets
Fra:1 Mem:12.78M (Peak 13.04M) | Time:00:00.00 | Mem:0.13M, Peak:0.13M | Scene, ViewLayer | Updating Images
Fra:1 Mem:12.78M (Peak 13.04M) | Time:00:00.00 | Mem:0.13M, Peak:0.13M | Scene, ViewLayer | Updating Camera Volume
Fra:1 Mem:12.78M (Peak 13.04M) | Time:00:00.00 | Mem:0.13M, Peak:0.13M | Scene, ViewLayer | Updating Lookup Tables
Fra:1 Mem:12.78M (Peak 13.04M) | Time:00:00.00 | Mem:0.21M, Peak:0.21M | Scene, ViewLayer | Updating Lights
Fra:1 Mem:12.78M (Peak 13.04M) | Time:00:00.00 | Mem:0.21M, Peak:0.21M | Scene, ViewLayer | Updating Lights | Computing tree
Fra:1 Mem:12.91M (Peak 13.04M) | Time:00:00.00 | Mem:0.34M, Peak:0.34M | Scene, ViewLayer | Updating Integrator
Fra:1 Mem:12.91M (Peak 13.04M) | Time:00:00.00 | Mem:0.34M, Peak:0.34M | Scene, ViewLayer | Updating Film
Fra:1 Mem:12.92M (Peak 13.04M) | Time:00:00.00 | Mem:0.26M, Peak:0.34M | Scene, ViewLayer | Updating Lookup Tables
Fra:1 Mem:12.92M (Peak 13.04M) | Time:00:00.00 | Mem:0.35M, Peak:0.35M | Scene, ViewLayer | Updating Baking
Fra:1 Mem:12.92M (Peak 13.04M) | Time:00:00.00 | Mem:0.35M, Peak:0.35M | Scene, ViewLayer | Updating Device | Writing constant memory
Fra:1 Mem:12.92M (Peak 13.04M) | Time:00:00.00 | Mem:0.35M, Peak:0.35M | Scene, ViewLayer | Loading denoising kernels (may take a few minutes the first time)
Fra:1 Mem:12.92M (Peak 13.04M) | Time:00:00.00 | Mem:0.35M, Peak:0.35M | Scene, ViewLayer | Sample 0/64
Fra:1 Mem:85.09M (Peak 85.09M) | Time:00:00.10 | Remaining:00:05.97 | Mem:72.10M, Peak:72.10M | Scene, ViewLayer | Sample 1/64
Fra:1 Mem:115.31M (Peak 160.63M) | Time:00:06.87 | Mem:72.10M, Peak:72.10M | Scene, ViewLayer | Sample 64/64
Fra:1 Mem:115.31M (Peak 160.63M) | Time:00:06.87 | Mem:72.10M, Peak:72.10M | Scene, ViewLayer | Finished
Saved: 'C:\Users\linos\Desktop\github\skyrim\mods\arcane-arsenal\art\material-studies\embers-offset-fang-02\06-smoky-full.png'
Time: 00:06.94 (Saving: 00:00.05)

Fra:1 Mem:12.97M (Peak 12.97M) | Time:00:00.00 | Mem:0.00M, Peak:0.00M | Scene, ViewLayer | Synchronizing object | AA_WaraxeBody
Fra:1 Mem:12.97M (Peak 12.97M) | Time:00:00.00 | Mem:0.00M, Peak:0.00M | Scene, ViewLayer | Synchronizing object | Large soft key
Fra:1 Mem:13.00M (Peak 13.00M) | Time:00:00.00 | Mem:0.00M, Peak:0.00M | Scene, ViewLayer | Synchronizing object | Back rim
Fra:1 Mem:13.04M (Peak 13.04M) | Time:00:00.00 | Mem:0.00M, Peak:0.00M | Scene, ViewLayer | Initializing
Fra:1 Mem:12.64M (Peak 13.04M) | Time:00:00.00 | Mem:0.00M, Peak:0.00M | Scene, ViewLayer | Waiting for render to start
Fra:1 Mem:12.64M (Peak 13.04M) | Time:00:00.00 | Mem:0.00M, Peak:0.00M | Scene, ViewLayer | Updating Scene
Fra:1 Mem:12.64M (Peak 13.04M) | Time:00:00.00 | Mem:0.00M, Peak:0.00M | Scene, ViewLayer | Updating Shaders
Fra:1 Mem:12.64M (Peak 13.04M) | Time:00:00.00 | Mem:0.00M, Peak:0.00M | Scene, ViewLayer | Loading render kernels (may take a few minutes the first time)
Fra:1 Mem:12.73M (Peak 13.04M) | Time:00:00.00 | Mem:0.00M, Peak:0.00M | Scene, ViewLayer | Updating Procedurals
Fra:1 Mem:12.73M (Peak 13.04M) | Time:00:00.00 | Mem:0.00M, Peak:0.00M | Scene, ViewLayer | Updating Background
Fra:1 Mem:12.73M (Peak 13.04M) | Time:00:00.00 | Mem:0.00M, Peak:0.00M | Scene, ViewLayer | Updating Camera
Fra:1 Mem:12.73M (Peak 13.04M) | Time:00:00.00 | Mem:0.00M, Peak:0.00M | Scene, ViewLayer | Updating Meshes Flags
Fra:1 Mem:12.73M (Peak 13.04M) | Time:00:00.00 | Mem:0.00M, Peak:0.00M | Scene, ViewLayer | Updating Objects
Fra:1 Mem:12.73M (Peak 13.04M) | Time:00:00.00 | Mem:0.00M, Peak:0.00M | Scene, ViewLayer | Updating Objects | Copying Transformations to device
Fra:1 Mem:12.73M (Peak 13.04M) | Time:00:00.00 | Mem:0.00M, Peak:0.00M | Scene, ViewLayer | Updating Particle Systems
Fra:1 Mem:12.73M (Peak 13.04M) | Time:00:00.00 | Mem:0.00M, Peak:0.00M | Scene, ViewLayer | Updating Particle Systems | Copying Particles to device
Fra:1 Mem:12.73M (Peak 13.04M) | Time:00:00.00 | Mem:0.01M, Peak:0.01M | Scene, ViewLayer | Updating Meshes
Fra:1 Mem:12.73M (Peak 13.04M) | Time:00:00.00 | Mem:0.01M, Peak:0.01M | Scene, ViewLayer | Updating Objects | Applying Static Transformations
Fra:1 Mem:12.73M (Peak 13.04M) | Time:00:00.00 | Mem:0.01M, Peak:0.01M | Scene, ViewLayer | Updating Mesh | Computing attributes
Fra:1 Mem:12.74M (Peak 13.04M) | Time:00:00.00 | Mem:0.01M, Peak:0.01M | Scene, ViewLayer | Updating Mesh | Copying Attributes to device
Fra:1 Mem:12.74M (Peak 13.04M) | Time:00:00.00 | Mem:0.02M, Peak:0.02M | Scene, ViewLayer | Updating Scene BVH | Building
Fra:1 Mem:12.74M (Peak 13.04M) | Time:00:00.00 | Mem:0.02M, Peak:0.02M | Scene, ViewLayer | Updating Scene BVH | Building BVH
Fra:1 Mem:12.74M (Peak 13.04M) | Time:00:00.00 | Mem:0.05M, Peak:0.05M | Scene, ViewLayer | Updating Scene BVH | Building BVH 0%
Fra:1 Mem:12.74M (Peak 13.04M) | Time:00:00.00 | Mem:0.09M, Peak:0.12M | Scene, ViewLayer | Updating Scene BVH | Copying BVH to device
Fra:1 Mem:12.74M (Peak 13.04M) | Time:00:00.00 | Mem:0.09M, Peak:0.12M | Scene, ViewLayer | Updating Mesh | Computing normals
Fra:1 Mem:12.78M (Peak 13.04M) | Time:00:00.00 | Mem:0.09M, Peak:0.12M | Scene, ViewLayer | Updating Mesh | Copying Mesh to device
Fra:1 Mem:12.78M (Peak 13.04M) | Time:00:00.00 | Mem:0.13M, Peak:0.13M | Scene, ViewLayer | Updating Objects Flags
Fra:1 Mem:12.78M (Peak 13.04M) | Time:00:00.00 | Mem:0.13M, Peak:0.13M | Scene, ViewLayer | Updating Primitive Offsets
Fra:1 Mem:12.78M (Peak 13.04M) | Time:00:00.00 | Mem:0.13M, Peak:0.13M | Scene, ViewLayer | Updating Images
Fra:1 Mem:12.78M (Peak 13.04M) | Time:00:00.00 | Mem:0.13M, Peak:0.13M | Scene, ViewLayer | Updating Camera Volume
Fra:1 Mem:12.78M (Peak 13.04M) | Time:00:00.00 | Mem:0.13M, Peak:0.13M | Scene, ViewLayer | Updating Lookup Tables
Fra:1 Mem:12.78M (Peak 13.04M) | Time:00:00.00 | Mem:0.21M, Peak:0.21M | Scene, ViewLayer | Updating Lights
Fra:1 Mem:12.78M (Peak 13.04M) | Time:00:00.00 | Mem:0.21M, Peak:0.21M | Scene, ViewLayer | Updating Lights | Computing tree
Fra:1 Mem:12.91M (Peak 13.04M) | Time:00:00.00 | Mem:0.34M, Peak:0.34M | Scene, ViewLayer | Updating Integrator
Fra:1 Mem:12.91M (Peak 13.04M) | Time:00:00.00 | Mem:0.34M, Peak:0.34M | Scene, ViewLayer | Updating Film
Fra:1 Mem:12.92M (Peak 13.04M) | Time:00:00.00 | Mem:0.26M, Peak:0.34M | Scene, ViewLayer | Updating Lookup Tables
Fra:1 Mem:12.92M (Peak 13.04M) | Time:00:00.00 | Mem:0.35M, Peak:0.35M | Scene, ViewLayer | Updating Baking
Fra:1 Mem:12.92M (Peak 13.04M) | Time:00:00.00 | Mem:0.35M, Peak:0.35M | Scene, ViewLayer | Updating Device | Writing constant memory
Fra:1 Mem:12.92M (Peak 13.04M) | Time:00:00.00 | Mem:0.35M, Peak:0.35M | Scene, ViewLayer | Loading denoising kernels (may take a few minutes the first time)
Fra:1 Mem:12.92M (Peak 13.04M) | Time:00:00.00 | Mem:0.35M, Peak:0.35M | Scene, ViewLayer | Sample 0/64
Fra:1 Mem:72.04M (Peak 72.04M) | Time:00:00.09 | Remaining:00:05.83 | Mem:59.06M, Peak:59.06M | Scene, ViewLayer | Sample 1/64
Fra:1 Mem:96.77M (Peak 133.85M) | Time:00:06.35 | Mem:59.06M, Peak:59.06M | Scene, ViewLayer | Sample 64/64
Fra:1 Mem:96.77M (Peak 133.85M) | Time:00:06.35 | Mem:59.06M, Peak:59.06M | Scene, ViewLayer | Finished
Saved: 'C:\Users\linos\Desktop\github\skyrim\mods\arcane-arsenal\art\material-studies\embers-offset-fang-02\06-smoky-detail.png'
Time: 00:06.41 (Saving: 00:00.06)

MATERIAL_PREVIEW_DONE 06-smoky
Info: Saved as "material-study.blend"

Blender quit
